
> ev-scooter-calc-v2@1.4.0 build
> vite build

[36mvite v7.3.1 [32mbuilding ssr environment for production...[36m[39m
transforming...
[32mÔ£ô[39m 237 modules transformed.
rendering chunks...
[36mvite v7.3.1 [32mbuilding client environment for production...[36m[39m
transforming...
[32mÔ£ô[39m 198 modules transformed.
rendering chunks...
computing gzip size...
[2m.svelte-kit/output/client/[22m[32m_app/version.json                       [39m[1m[2m  0.03 kB[22m[1m[22m[2m Ôöé gzip:  0.05 kB[22m
[2m.svelte-kit/output/client/[22m[32mregisterSW.js                           [39m[1m[2m  0.14 kB[22m[1m[22m
[2m.svelte-kit/output/client/[22m[32mmanifest.webmanifest                    [39m[1m[2m  0.40 kB[22m[1m[22m
[2m.svelte-kit/output/client/[22m[32m.vite/manifest.json                     [39m[1m[2m  3.48 kB[22m[1m[22m[2m Ôöé gzip:  0.67 kB[22m
[2m.svelte-kit/output/client/[22m[35m_app/immutable/assets/2.8KQm1aAA.css    [39m[1m[2m  1.15 kB[22m[1m[22m[2m Ôöé gzip:  0.47 kB[22m
[2m.svelte-kit/output/client/[22m[35m_app/immutable/assets/0.CxPzFPJF.css    [39m[1m[2m 63.56 kB[22m[1m[22m[2m Ôöé gzip: 10.66 kB[22m
[2m.svelte-kit/output/client/[22m[36m_app/immutable/chunks/K1EiewVv.js       [39m[1m[2m  0.04 kB[22m[1m[22m[2m Ôöé gzip:  0.06 kB[22m
[2m.svelte-kit/output/client/[22m[36m_app/immutable/entry/start.BY_ZaLa4.js  [39m[1m[2m  0.08 kB[22m[1m[22m[2m Ôöé gzip:  0.09 kB[22m
[2m.svelte-kit/output/client/[22m[36m_app/immutable/chunks/Bi1uNyqF.js       [39m[1m[2m  0.32 kB[22m[1m[22m[2m Ôöé gzip:  0.25 kB[22m
[2m.svelte-kit/output/client/[22m[36m_app/immutable/nodes/1.x3jvRqZe.js      [39m[1m[2m  1.03 kB[22m[1m[22m[2m Ôöé gzip:  0.59 kB[22m
[2m.svelte-kit/output/client/[22m[36m_app/immutable/chunks/Gi-1peNi.js       [39m[1m[2m  1.53 kB[22m[1m[22m[2m Ôöé gzip:  0.67 kB[22m
[2m.svelte-kit/output/client/[22m[36m_app/immutable/chunks/CjYZTAN9.js       [39m[1m[2m  2.01 kB[22m[1m[22m[2m Ôöé gzip:  1.04 kB[22m
[2m.svelte-kit/output/client/[22m[36m_app/immutable/nodes/0.BN7bygzP.js      [39m[1m[2m  2.46 kB[22m[1m[22m[2m Ôöé gzip:  1.01 kB[22m
[2m.svelte-kit/output/client/[22m[36m_app/immutable/chunks/BHcMF3yV.js       [39m[1m[2m  3.30 kB[22m[1m[22m[2m Ôöé gzip:  1.67 kB[22m
[2m.svelte-kit/output/client/[22m[36m_app/immutable/chunks/C5EA467d.js       [39m[1m[2m  4.80 kB[22m[1m[22m[2m Ôöé gzip:  2.13 kB[22m
[2m.svelte-kit/output/client/[22m[36m_app/immutable/entry/app.iALg2Ipz.js    [39m[1m[2m  5.51 kB[22m[1m[22m[2m Ôöé gzip:  2.58 kB[22m
[2m.svelte-kit/output/client/[22m[36m_app/immutable/chunks/Bf73FrMe.js       [39m[1m[2m  6.81 kB[22m[1m[22m[2m Ôöé gzip:  3.19 kB[22m
[2m.svelte-kit/output/client/[22m[36m_app/immutable/chunks/BJ8Xohcm.js       [39m[1m[2m 21.75 kB[22m[1m[22m[2m Ôöé gzip:  8.66 kB[22m
[2m.svelte-kit/output/client/[22m[36m_app/immutable/chunks/jmh0sfJI.js       [39m[1m[2m 25.97 kB[22m[1m[22m[2m Ôöé gzip: 10.23 kB[22m
[2m.svelte-kit/output/client/[22m[36m_app/immutable/nodes/2.CwOtjZjf.js      [39m[1m[2m145.63 kB[22m[1m[22m[2m Ôöé gzip: 41.82 kB[22m
[32mÔ£ô built in 1.26s[39m

PWA v1.2.0
mode      generateSW
precache  20 entries (279.80 KiB)
files generated
  .svelte-kit/output/client/sw.js
  .svelte-kit/output/client/workbox-66610c77.js
[2m.svelte-kit/output/server/[22m[32mregisterSW.js                               [39m[1m[2m  0.13 kB[22m[1m[22m
[2m.svelte-kit/output/server/[22m[32mmanifest.webmanifest                        [39m[1m[2m  0.40 kB[22m[1m[22m
[2m.svelte-kit/output/server/[22m[32m.vite/manifest.json                         [39m[1m[2m  2.93 kB[22m[1m[22m
[2m.svelte-kit/output/server/[22m[35m_app/immutable/assets/_page.8KQm1aAA.css    [39m[1m[2m  1.15 kB[22m[1m[22m
[2m.svelte-kit/output/server/[22m[35m_app/immutable/assets/_layout.BWfWwhkq.css  [39m[1m[2m 62.74 kB[22m[1m[22m
[2m.svelte-kit/output/server/[22m[36mentries/pages/_page.ts.js                   [39m[1m[2m  0.08 kB[22m[1m[22m
[2m.svelte-kit/output/server/[22m[36minternal.js                                 [39m[1m[2m  0.33 kB[22m[1m[22m
[2m.svelte-kit/output/server/[22m[36mchunks/environment.js                       [39m[1m[2m  0.65 kB[22m[1m[22m
[2m.svelte-kit/output/server/[22m[36mchunks/utils.js                             [39m[1m[2m  1.15 kB[22m[1m[22m
[2m.svelte-kit/output/server/[22m[36mchunks/equality.js                          [39m[1m[2m  1.23 kB[22m[1m[22m
[2m.svelte-kit/output/server/[22m[36mentries/fallbacks/error.svelte.js           [39m[1m[2m  1.37 kB[22m[1m[22m
[2m.svelte-kit/output/server/[22m[36mchunks/context.js                           [39m[1m[2m  1.70 kB[22m[1m[22m
[2m.svelte-kit/output/server/[22m[36mentries/pages/_layout.svelte.js             [39m[1m[2m  2.48 kB[22m[1m[22m
[2m.svelte-kit/output/server/[22m[36mchunks/exports.js                           [39m[1m[2m  7.01 kB[22m[1m[22m
[2m.svelte-kit/output/server/[22m[36mchunks/shared.js                            [39m[1m[2m 17.71 kB[22m[1m[22m
[2m.svelte-kit/output/server/[22m[36mremote-entry.js                             [39m[1m[2m 18.82 kB[22m[1m[22m
[2m.svelte-kit/output/server/[22m[36mchunks/index.js                             [39m[1m[2m 29.78 kB[22m[1m[22m
[2m.svelte-kit/output/server/[22m[36mchunks/internal.js                          [39m[1m[2m 76.72 kB[22m[1m[22m
[2m.svelte-kit/output/server/[22m[36mindex.js                                    [39m[1m[2m126.58 kB[22m[1m[22m
[2m.svelte-kit/output/server/[22m[36mentries/pages/_page.svelte.js               [39m[1m[2m159.26 kB[22m[1m[22m
[32mÔ£ô built in 7.37s[39m

Run npm run preview to preview your production build locally.

> Using @sveltejs/adapter-vercel
node.exe : [31merror during build:
At line:1 char:1
+ & "C:\Program Files\nodejs/node.exe" "C:\Users\Dimitris\AppData\Roami ...
+ ~~~~~~~~~~~~~~~~~~~~~~~~~~~~~~~~~~~~~~~~~~~~~~~~~~~~~~~~~~~~~~~~~~~~~
    + CategoryInfo          : NotSpecified: ([31merror during build::String) [], RemoteException
    + FullyQualifiedErrorId : NativeCommandError
 
Error: EPERM: operation not permitted, symlink '![-]\catchall.func' -> 'F:\Desktop\Projects\ev-scooter-calc-v2\.vercel\output\functions\index.func'
    at Object.symlinkSync (node:fs:1879:11)
    at adapt (file:///F:/Desktop/Projects/ev-scooter-calc-v2/node_modules/@sveltejs/adapter-vercel/index.js:479:9)
    at async adapt (file:///F:/Desktop/Projects/ev-scooter-calc-v2/node_modules/@sveltejs/kit/src/core/adapt/index.js:41:2)
    at async finalise (file:///F:/Desktop/Projects/ev-scooter-calc-v2/node_modules/@sveltejs/kit/src/exports/vite/index.js:1327:7)
    at async Object.handler (file:///F:/Desktop/Projects/ev-scooter-calc-v2/node_modules/@sveltejs/kit/src/exports/vite/index.js:1358:5)
    at async PluginDriver.hookParallel (file:///F:/Desktop/Projects/ev-scooter-calc-v2/node_modules/rollup/dist/es/shared/node-entry.js:22475:17)
    at async Object.close (file:///F:/Desktop/Projects/ev-scooter-calc-v2/node_modules/rollup/dist/es/shared/node-entry.js:23494:13)
    at async buildEnvironment (file:///F:/Desktop/Projects/ev-scooter-calc-v2/node_modules/vite/dist/node/chunks/config.js:33555:15)
    at async Object.build (file:///F:/Desktop/Projects/ev-scooter-calc-v2/node_modules/vite/dist/node/chunks/config.js:33900:19)
    at async Object.buildApp (file:///F:/Desktop/Projects/ev-scooter-calc-v2/node_modules/vite/dist/node/chunks/config.js:33897:153)
    at async CAC.<anonymous> (file:///F:/Desktop/Projects/ev-scooter-calc-v2/node_modules/vite/dist/node/cli.js:629:3)[39m
